[{"stream_name":"stdout","time":19.90111778,"data":"====================================================================\n"}
,{"stream_name":"stdout","time":19.901222103,"data":"XAI — resnet50   device=cuda   smoke=True\n"}
,{"stream_name":"stdout","time":19.901229971,"data":"====================================================================\n"}
,{"stream_name":"stdout","time":19.901238021,"data":"  mounted: notebooks/\n"}
,{"stream_name":"stdout","time":19.957304258,"data":"  checkpoint: /kaggle/input/notebooks/farhantahsinkhan/aqua20-v2-full-resnet50/weights_resnet50.pth\n"}
,{"stream_name":"stdout","time":19.970641619,"data":"  manifest: /kaggle/input/notebooks/farhantahsinkhan/aqua20-v5-manifest/xai_manifest.csv\n"}
,{"stream_name":"stdout","time":19.982223931,"data":"  explaining 3 images\n"}
,{"stream_name":"stdout","time":19.982247279,"data":"\n"}
,{"stream_name":"stderr","time":20.166313309,"data":"Warning: You are sending unauthenticated requests to the HF Hub. Please set a HF_TOKEN to enable higher rate limits and faster downloads.\n"}
,{"stream_name":"stderr","time":27.029686362,"data":"\rGenerating train split:   0%|          | 0/6559 [00:00\u003c?, ? examples/s]\rGenerating train split:  34%|███▎      | 2200/6559 [00:00\u003c00:00, 15221.52 examples/s]\rGenerating train split:  67%|██████▋   | 4400/6559 [00:00\u003c00:00, 14700.05 examples/s]\rGenerating train split:  91%|█████████▏| 6000/6559 [00:00\u003c00:00, 13041.15 examples/s]\rGenerating train split: 100%|██████████| 6559/6559 [00:00\u003c00:00, 13597.60 examples/s]\n"}
,{"stream_name":"stderr","time":27.125713837,"data":"\rGenerating test split:   0%|          | 0/1612 [00:00\u003c?, ? examples/s]\rGenerating test split: 100%|██████████| 1612/1612 [00:00\u003c00:00, 16907.44 examples/s]\n"}
,{"stream_name":"stdout","time":29.03691807,"data":"Loaded resnet50: 23,549,012 params\n"}
,{"stream_name":"stdout","time":29.036971816,"data":"Grad-CAM target: Bottleneck (channels_last=False)\n"}
,{"stream_name":"stdout","time":34.294392476,"data":"SHAP background: (50, 3, 224, 224)\n"}
,{"stream_name":"stdout","time":34.294439912,"data":"\n"}
,{"stream_name":"stdout","time":34.43701952,"data":"[1/3] #3 coral -\u003e seaAnemone (0.999)\n"}
,{"stream_name":"stderr","time":34.740795403999996,"data":"/usr/local/lib/python3.12/dist-packages/torch/autograd/graph.py:865: UserWarning: Attempting to run cuBLAS, but there was no current CUDA context! Attempting to set the primary context... (Triggered internally at /pytorch/aten/src/ATen/cuda/CublasHandlePool.cpp:330.)\n"}
,{"stream_name":"stderr","time":34.740828314,"data":"  return Variable._execution_engine.run_backward(  # Calls into the C++ engine to run the backward pass\n"}
,{"stream_name":"stderr","time":34.76533225,"data":"/kaggle/src/script.py:228: DeprecationWarning: 'mode' parameter is deprecated and will be removed in Pillow 13 (2026-10-15)\n"}
,{"stream_name":"stderr","time":34.765381803,"data":"  Image.fromarray(m.astype(np.float32), mode=\"F\").resize(\n"}
,{"stream_name":"stderr","time":42.25113752,"data":"\r  0%|          | 0/1000 [00:00\u003c?, ?it/s]\r  1%|          | 10/1000 [00:00\u003c00:12, 79.16it/s]\r  3%|▎         | 30/1000 [00:00\u003c00:08, 113.96it/s]\r  5%|▌         | 50/1000 [00:00\u003c00:07, 128.95it/s]\r  7%|▋         | 70/1000 [00:00\u003c00:06, 136.36it/s]\r  9%|▉         | 90/1000 [00:00\u003c00:06, 142.75it/s]\r 11%|█         | 110/1000 [00:00\u003c00:06, 146.72it/s]\r 13%|█▎        | 130/1000 [00:00\u003c00:05, 149.65it/s]\r 15%|█▌        | 150/1000 [00:01\u003c00:05, 150.74it/s]\r 17%|█▋        | 170/1000 [00:01\u003c00:05, 150.98it/s]\r 19%|█▉        | 190/1000 [00:01\u003c00:05, 151.50it/s]\r 21%|██        | 210/1000 [00:01\u003c00:05, 151.57it/s]\r 23%|██▎       | 230/1000 [00:01\u003c00:05, 152.53it/s]\r 25%|██▌       | 250/1000 [00:01\u003c00:04, 152.13it/s]\r 27%|██▋       | 270/1000 [00:01\u003c00:04, 152.48it/s]\r 29%|██▉       | 290/1000 [00:01\u003c00:04, 152.06it/s]\r 31%|███       | 310/1000 [00:02\u003c00:04, 152.44it/s]\r 33%|███▎      | 330/1000 [00:02\u003c00:04, 153.67it/s]\r 35%|███▌      | 350/1000 [00:02\u003c00:04, 152.87it/s]\r 37%|███▋      | 370/1000 [00:02\u003c00:04, 152.54it/s]\r 39%|███▉      | 390/1000 [00:02\u003c00:03, 152.55it/s]\r 41%|████      | 410/1000 [00:02\u003c00:03, 152.15it/s]\r 43%|████▎     | 430/1000 [00:02\u003c00:03, 153.00it/s]\r 45%|████▌     | 450/1000 [00:03\u003c00:03, 153.37it/s]\r 47%|████▋     | 470/1000 [00:03\u003c00:03, 152.35it/s]\r 49%|████▉     | 490/1000 [00:03\u003c00:03, 150.07it/s]\r 51%|█████     | 510/1000 [00:03\u003c00:03, 149.14it/s]\r 53%|█████▎    | 530/1000 [00:03\u003c00:03, 150.26it/s]\r 55%|█████▌    | 550/1000 [00:03\u003c00:02, 150.62it/s]\r 57%|█████▋    | 570/1000 [00:03\u003c00:02, 151.40it/s]\r 59%|█████▉    | 590/1000 [00:03\u003c00:02, 152.84it/s]\r 61%|██████    | 610/1000 [00:04\u003c00:02, 152.53it/s]\r 63%|██████▎   | 630/1000 [00:04\u003c00:02, 152.11it/s]\r 65%|██████▌   | 650/1000 [00:04\u003c00:02, 151.84it/s]\r 67%|██████▋   | 670/1000 [00:04\u003c00:02, 150.95it/s]\r 69%|██████▉   | 690/1000 [00:04\u003c00:02, 150.75it/s]\r 71%|███████   | 710/1000 [00:04\u003c00:01, 150.83it/s]\r 73%|███████▎  | 730/1000 [00:04\u003c00:01, 151.57it/s]\r 75%|███████▌  | 750/1000 [00:05\u003c00:01, 151.44it/s]\r 77%|███████▋  | 770/1000 [00:05\u003c00:01, 151.25it/s]\r 79%|███████▉  | 790/1000 [00:05\u003c00:01, 150.98it/s]\r 81%|████████  | 810/1000 [00:05\u003c00:01, 149.90it/s]\r 83%|████████▎ | 830/1000 [00:05\u003c00:01, 151.48it/s]\r 85%|████████▌ | 850/1000 [00:05\u003c00:01, 146.57it/s]\r 87%|████████▋ | 870/1000 [00:05\u003c00:00, 148.58it/s]\r 89%|████████▉ | 890/1000 [00:05\u003c00:00, 149.46it/s]\r 91%|█████████ | 910/1000 [00:06\u003c00:00, 149.46it/s]\r 93%|█████████▎| 930/1000 [00:06\u003c00:00, 150.14it/s]\r 95%|█████████▌| 950/1000 [00:06\u003c00:00, 149.75it/s]\r 97%|█████████▋| 970/1000 [00:06\u003c00:00, 150.22it/s]\r 99%|█████████▉| 990/1000 [00:06\u003c00:00, 151.99it/s]\r100%|██████████| 1000/1000 [00:06\u003c00:00, 149.74it/s]\n"}
,{"stream_name":"stdout","time":44.255519768,"data":"    gradcam 0.3s | lime 7.5s | shap 2.0s\n"}
,{"stream_name":"stdout","time":46.687077156,"data":"[2/3] #319 coral -\u003e coral (1.000)\n"}
,{"stream_name":"stderr","time":46.706642388,"data":"/kaggle/src/script.py:228: DeprecationWarning: 'mode' parameter is deprecated and will be removed in Pillow 13 (2026-10-15)\n"}
,{"stream_name":"stderr","time":46.706702628,"data":"  Image.fromarray(m.astype(np.float32), mode=\"F\").resize(\n"}
,{"stream_name":"stderr","time":54.052814998,"data":"\r  0%|          | 0/1000 [00:00\u003c?, ?it/s]\r  2%|▏         | 20/1000 [00:00\u003c00:07, 129.71it/s]\r  4%|▎         | 37/1000 [00:00\u003c00:06, 148.31it/s]\r  5%|▌         | 53/1000 [00:00\u003c00:07, 133.23it/s]\r  7%|▋         | 70/1000 [00:00\u003c00:07, 132.12it/s]\r  9%|▉         | 90/1000 [00:00\u003c00:06, 138.99it/s]\r 11%|█         | 110/1000 [00:00\u003c00:06, 143.73it/s]\r 13%|█▎        | 130/1000 [00:00\u003c00:05, 146.85it/s]\r 15%|█▌        | 150/1000 [00:01\u003c00:05, 148.08it/s]\r 17%|█▋        | 170/1000 [00:01\u003c00:05, 148.92it/s]\r 19%|█▉        | 190/1000 [00:01\u003c00:05, 149.48it/s]\r 21%|██        | 210/1000 [00:01\u003c00:05, 149.84it/s]\r 23%|██▎       | 230/1000 [00:01\u003c00:05, 150.28it/s]\r 25%|██▌       | 250/1000 [00:01\u003c00:05, 149.36it/s]\r 27%|██▋       | 270/1000 [00:01\u003c00:04, 149.90it/s]\r 29%|██▉       | 290/1000 [00:01\u003c00:04, 150.51it/s]\r 31%|███       | 310/1000 [00:02\u003c00:04, 151.07it/s]\r 33%|███▎      | 330/1000 [00:02\u003c00:04, 151.05it/s]\r 35%|███▌      | 350/1000 [00:02\u003c00:04, 151.27it/s]\r 37%|███▋      | 370/1000 [00:02\u003c00:04, 151.24it/s]\r 39%|███▉      | 390/1000 [00:02\u003c00:04, 149.18it/s]\r 41%|████      | 410/1000 [00:02\u003c00:03, 149.99it/s]\r 43%|████▎     | 430/1000 [00:02\u003c00:03, 149.86it/s]\r 45%|████▌     | 450/1000 [00:03\u003c00:03, 149.45it/s]\r 47%|████▋     | 470/1000 [00:03\u003c00:03, 149.45it/s]\r 49%|████▉     | 490/1000 [00:03\u003c00:03, 149.23it/s]\r 51%|█████     | 510/1000 [00:03\u003c00:03, 150.15it/s]\r 53%|█████▎    | 530/1000 [00:03\u003c00:03, 149.03it/s]\r 55%|█████▌    | 550/1000 [00:03\u003c00:03, 149.60it/s]\r 57%|█████▋    | 570/1000 [00:03\u003c00:02, 146.69it/s]\r 59%|█████▉    | 590/1000 [00:03\u003c00:02, 145.55it/s]\r 61%|██████    | 610/1000 [00:04\u003c00:02, 146.51it/s]\r 63%|██████▎   | 630/1000 [00:04\u003c00:02, 148.37it/s]\r 65%|██████▌   | 650/1000 [00:04\u003c00:02, 148.77it/s]\r 67%|██████▋   | 670/1000 [00:04\u003c00:02, 149.81it/s]\r 69%|██████▉   | 690/1000 [00:04\u003c00:02, 150.06it/s]\r 71%|███████   | 710/1000 [00:04\u003c00:01, 147.36it/s]\r 73%|███████▎  | 730/1000 [00:04\u003c00:01, 147.42it/s]\r 75%|███████▌  | 750/1000 [00:05\u003c00:01, 147.11it/s]\r 77%|███████▋  | 770/1000 [00:05\u003c00:01, 148.27it/s]\r 79%|███████▉  | 790/1000 [00:05\u003c00:01, 149.91it/s]\r 81%|████████  | 810/1000 [00:05\u003c00:01, 149.80it/s]\r 83%|████████▎ | 830/1000 [00:05\u003c00:01, 149.91it/s]\r 85%|████████▌ | 850/1000 [00:05\u003c00:01, 149.83it/s]\r 87%|████████▋ | 870/1000 [00:05\u003c00:00, 150.80it/s]\r 89%|████████▉ | 890/1000 [00:05\u003c00:00, 150.45it/s]\r 91%|█████████ | 910/1000 [00:06\u003c00:00, 151.30it/s]\r 93%|█████████▎| 930/1000 [00:06\u003c00:00, 151.53it/s]\r 95%|█████████▌| 950/1000 [00:06\u003c00:00, 152.40it/s]\r 97%|█████████▋| 970/1000 [00:06\u003c00:00, 152.28it/s]\r 99%|█████████▉| 990/1000 [00:06\u003c00:00, 153.07it/s]\r100%|██████████| 1000/1000 [00:06\u003c00:00, 148.85it/s]\n"}
,{"stream_name":"stdout","time":55.946129288,"data":"    gradcam 0.0s | lime 7.4s | shap 1.9s\n"}
,{"stream_name":"stdout","time":58.199519804,"data":"[3/3] #341 coral -\u003e starfish (0.996)\n"}
,{"stream_name":"stderr","time":58.217070916,"data":"/kaggle/src/script.py:228: DeprecationWarning: 'mode' parameter is deprecated and will be removed in Pillow 13 (2026-10-15)\n"}
,{"stream_name":"stderr","time":58.217127558,"data":"  Image.fromarray(m.astype(np.float32), mode=\"F\").resize(\n"}
,{"stream_name":"stderr","time":65.537701558,"data":"\r  0%|          | 0/1000 [00:00\u003c?, ?it/s]\r  2%|▏         | 20/1000 [00:00\u003c00:06, 152.21it/s]\r  4%|▍         | 40/1000 [00:00\u003c00:06, 146.02it/s]\r  6%|▌         | 60/1000 [00:00\u003c00:06, 147.05it/s]\r  8%|▊         | 80/1000 [00:00\u003c00:06, 149.03it/s]\r 10%|█         | 100/1000 [00:00\u003c00:05, 150.90it/s]\r 12%|█▏        | 120/1000 [00:00\u003c00:05, 150.48it/s]\r 14%|█▍        | 140/1000 [00:00\u003c00:05, 149.61it/s]\r 16%|█▌        | 160/1000 [00:01\u003c00:05, 149.04it/s]\r 18%|█▊        | 180/1000 [00:01\u003c00:05, 149.38it/s]\r 20%|██        | 200/1000 [00:01\u003c00:05, 149.38it/s]\r 22%|██▏       | 220/1000 [00:01\u003c00:05, 150.04it/s]\r 24%|██▍       | 240/1000 [00:01\u003c00:05, 149.48it/s]\r 26%|██▌       | 260/1000 [00:01\u003c00:04, 150.99it/s]\r 28%|██▊       | 280/1000 [00:01\u003c00:04, 149.86it/s]\r 30%|███       | 300/1000 [00:02\u003c00:04, 149.89it/s]\r 32%|███▏      | 320/1000 [00:02\u003c00:04, 149.25it/s]\r 34%|███▍      | 340/1000 [00:02\u003c00:04, 148.31it/s]\r 36%|███▌      | 360/1000 [00:02\u003c00:04, 144.67it/s]\r 38%|███▊      | 380/1000 [00:02\u003c00:04, 145.84it/s]\r 40%|████      | 400/1000 [00:02\u003c00:04, 146.51it/s]\r 42%|████▏     | 420/1000 [00:02\u003c00:03, 147.12it/s]\r 44%|████▍     | 440/1000 [00:02\u003c00:03, 148.98it/s]\r 46%|████▌     | 460/1000 [00:03\u003c00:03, 149.56it/s]\r 48%|████▊     | 480/1000 [00:03\u003c00:03, 149.24it/s]\r 50%|█████     | 500/1000 [00:03\u003c00:03, 149.12it/s]\r 52%|█████▏    | 520/1000 [00:03\u003c00:03, 150.19it/s]\r 54%|█████▍    | 540/1000 [00:03\u003c00:03, 150.01it/s]\r 56%|█████▌    | 560/1000 [00:03\u003c00:02, 149.98it/s]\r 58%|█████▊    | 580/1000 [00:03\u003c00:02, 149.12it/s]\r 60%|██████    | 600/1000 [00:04\u003c00:02, 149.00it/s]\r 62%|██████▏   | 620/1000 [00:04\u003c00:02, 145.74it/s]\r 64%|██████▍   | 640/1000 [00:04\u003c00:02, 144.09it/s]\r 66%|██████▌   | 660/1000 [00:04\u003c00:02, 143.86it/s]\r 68%|██████▊   | 680/1000 [00:04\u003c00:02, 142.42it/s]\r 70%|███████   | 700/1000 [00:04\u003c00:02, 142.83it/s]\r 72%|███████▏  | 720/1000 [00:04\u003c00:01, 145.68it/s]\r 74%|███████▍  | 740/1000 [00:04\u003c00:01, 147.43it/s]\r 76%|███████▌  | 760/1000 [00:05\u003c00:01, 148.70it/s]\r 78%|███████▊  | 780/1000 [00:05\u003c00:01, 149.94it/s]\r 80%|████████  | 800/1000 [00:05\u003c00:01, 147.81it/s]\r 82%|████████▏ | 820/1000 [00:05\u003c00:01, 147.84it/s]\r 84%|████████▍ | 840/1000 [00:05\u003c00:01, 147.67it/s]\r 86%|████████▌ | 860/1000 [00:05\u003c00:00, 150.39it/s]\r 88%|████████▊ | 880/1000 [00:05\u003c00:00, 150.53it/s]\r 90%|█████████ | 900/1000 [00:06\u003c00:00, 150.41it/s]\r 92%|█████████▏| 920/1000 [00:06\u003c00:00, 149.98it/s]\r 94%|█████████▍| 940/1000 [00:06\u003c00:00, 149.36it/s]\r 96%|█████████▌| 960/1000 [00:06\u003c00:00, 149.70it/s]\r 98%|█████████▊| 980/1000 [00:06\u003c00:00, 148.52it/s]\r100%|██████████| 1000/1000 [00:06\u003c00:00, 150.66it/s]\r100%|██████████| 1000/1000 [00:06\u003c00:00, 148.50it/s]\n"}
,{"stream_name":"stdout","time":67.389235056,"data":"    gradcam 0.0s | lime 7.3s | shap 1.8s\n"}
,{"stream_name":"stdout","time":69.663432047,"data":"\n"}
,{"stream_name":"stdout","time":69.663466877,"data":"====================================================================\n"}
,{"stream_name":"stdout","time":69.66347308,"data":"SUMMARY — resnet50   (deletion lower=better, insertion higher=better)\n"}
,{"stream_name":"stdout","time":69.663477732,"data":"====================================================================\n"}
,{"stream_name":"stdout","time":69.667726503,"data":"         deletion_auc  insertion_auc  concentration\n"}
,{"stream_name":"stdout","time":69.667755209,"data":"method                                             \n"}
,{"stream_name":"stdout","time":69.667760681,"data":"gradcam        0.3248         0.5554         0.2036\n"}
,{"stream_name":"stdout","time":69.667764867,"data":"lime           0.2881         0.6860         0.2930\n"}
,{"stream_name":"stdout","time":69.667780975,"data":"random         0.6320         0.6812         0.1899\n"}
,{"stream_name":"stdout","time":69.66778526,"data":"shap           0.4012         0.7697         0.5305\n"}
,{"stream_name":"stdout","time":69.667789144,"data":"\n"}
,{"stream_name":"stdout","time":69.667803308,"data":"Agreement (mean):\n"}
,{"stream_name":"stdout","time":69.67332502,"data":"                   spearman  iou_top10\n"}
,{"stream_name":"stdout","time":69.67335553,"data":"method_a method_b                     \n"}
,{"stream_name":"stdout","time":69.673361297,"data":"gradcam  lime        0.1254     0.1671\n"}
,{"stream_name":"stdout","time":69.673365383,"data":"         random      0.0019     0.0533\n"}
,{"stream_name":"stdout","time":69.673369225,"data":"         shap        0.0318     0.0838\n"}
,{"stream_name":"stdout","time":69.673373356,"data":"lime     shap        0.0052     0.0846\n"}
,{"stream_name":"stdout","time":69.673376865,"data":"\n"}
,{"stream_name":"stdout","time":69.67338101,"data":"--------------------------------------------------------------------\n"}
,{"stream_name":"stdout","time":69.673556382,"data":"  gradcam  beats random:  deletion OK | insertion FAIL\n"}
,{"stream_name":"stdout","time":69.67369377200001,"data":"  lime     beats random:  deletion OK | insertion OK\n"}
,{"stream_name":"stdout","time":69.673711425,"data":"  shap     beats random:  deletion OK | insertion OK\n"}
,{"stream_name":"stdout","time":69.673715341,"data":"  =\u003e SANITY CHECK FAILED — metrics are suspect\n"}
,{"stream_name":"stdout","time":69.673719296,"data":"--------------------------------------------------------------------\n"}
,{"stream_name":"stdout","time":69.674032422,"data":"\n"}
,{"stream_name":"stdout","time":69.674059958,"data":"Done in 0.8 min\n"}
,{"stream_name":"stderr","time":74.779237771,"data":"/usr/local/lib/python3.12/dist-packages/mistune.py:435: SyntaxWarning: invalid escape sequence '\\|'\n"}
,{"stream_name":"stderr","time":74.779275321,"data":"  cells[i][c] = re.sub('\\\\\\\\\\|', '|', cell)\n"}
,{"stream_name":"stderr","time":75.021969955,"data":"/usr/local/lib/python3.12/dist-packages/nbconvert/filters/filter_links.py:36: SyntaxWarning: invalid escape sequence '\\_'\n"}
,{"stream_name":"stderr","time":75.022006352,"data":"  text = re.sub(r'_', '\\_', text) # Escape underscores in display text\n"}
,{"stream_name":"stderr","time":75.667201396,"data":"[NbConvertApp] Converting notebook __script__.ipynb to html\n"}
,{"stream_name":"stderr","time":76.503355846,"data":"[NbConvertApp] Writing 377888 bytes to __results__.html\n"}
]